
======================================================================
 SAIFRVW — SENTINEL PRODUCT PLATFORM UPGRADE
======================================================================

Existing analyzer preserved.
Existing AI API preserved.
Existing review architecture preserved.

Adding:
  • Fixed pricing navigation
  • Product dashboard
  • Projects foundation
  • Security history foundation
  • Secret scanner
  • Dependency scanner
  • Repository scan foundation
  • AI remediation workspace
  • GitHub integration foundation
  • Product-ready navigation

[1/12] Verifying project...
✓ Next.js project
✓ App Router
✓ /api/analyze
✓ /api/ai
✓ /review

[2/12] Creating complete backup...
✓ Backup: /workspaces/a/saifrvw/.saifrvw-product-upgrade-backup-20260810-181425

[3/12] Fingerprinting protected APIs...
✓ /api/analyze: c3bbdea45eca165829a1b8525378bb76968a28e45dbfea38b3e397b5c9f7e6f5
✓ /api/ai:      1c3c3c69869312abd623f00879a44c2edf66b9b640ce722cecbc4f52e80bc2fa

[4/12] Creating product route structure...
✓ Product routes created

[5/12] Installing reusable product UI primitives...
✓ ProductShell installed

[6/12] Building product dashboard...
✓ Dashboard installed

[7/12] Building Projects workspace...
✓ Projects workspace installed

[8/12] Building security scanners...
✓ Secret scanner surface
✓ Dependency scanner surface

[9/12] Adding safe API foundations...
✓ Project API
✓ Secret scanner API
✓ Dependency scanner API

[10/12] Fixing Pricing navigation without inventing checkout...
✓ Pricing source preserved
✓ Analyzer remains the Free CTA destination
ℹ Paid checkout must be connected to a real payment provider before enabling purchase

[11/12] Protecting existing security engine...
✓ /api/analyze unchanged
✓ /api/ai unchanged
✓ Next.js cache removed

[12/12] Running production validation...

> saifrvw@0.1.0 build
> next build

Attention: Next.js now collects completely anonymous telemetry regarding usage.
This information is used to shape Next.js' roadmap and prioritize features.
You can learn more, including how to opt-out if you'd not like to participate in this anonymous program, by visiting the following URL:
https://nextjs.org/telemetry

  ▲ Next.js 14.2.35
  - Environments: .env.local

   Creating an optimized production build ...
 ⚠ Compiled with warnings

./src/app/projects/page.tsx
Attempted import error: 'Github' is not exported from '__barrel_optimize__?names=ArrowUpRight,FolderGit2,Github,Plus,ShieldCheck!=!lucide-react' (imported as 'Github').

Import trace for requested module:
./src/app/projects/page.tsx

./src/app/projects/page.tsx
Attempted import error: 'Github' is not exported from '__barrel_optimize__?names=ArrowUpRight,FolderGit2,Github,Plus,ShieldCheck!=!lucide-react' (imported as 'Github').

Import trace for requested module:
./src/app/projects/page.tsx

 ⚠ Compiled with warnings

./src/app/projects/page.tsx
Attempted import error: 'Github' is not exported from '__barrel_optimize__?names=ArrowUpRight,FolderGit2,Github,Plus,ShieldCheck!=!lucide-react' (imported as 'Github').

Import trace for requested module:
./src/app/projects/page.tsx

./src/app/projects/page.tsx
Attempted import error: 'Github' is not exported from '__barrel_optimize__?names=ArrowUpRight,FolderGit2,Github,Plus,ShieldCheck!=!lucide-react' (imported as 'Github').

Import trace for requested module:
./src/app/projects/page.tsx

 ✓ Compiled successfully
   Linting and checking validity of types ...
Failed to compile.

./src/app/projects/page.tsx:7:3
Type error: Module '"lucide-react"' has no exported member 'Github'.

[0m [90m  5 |[39m   [33mArrowUpRight[39m[33m,[39m[0m
[0m [90m  6 |[39m   [33mFolderGit2[39m[33m,[39m[0m
[0m[31m[1m>[22m[39m[90m  7 |[39m   [33mGithub[39m[33m,[39m[0m
[0m [90m    |[39m   [31m[1m^[22m[39m[0m
[0m [90m  8 |[39m   [33mPlus[39m[33m,[39m[0m
[0m [90m  9 |[39m   [33mShieldCheck[39m[33m,[39m[0m
[0m [90m 10 |[39m } [36mfrom[39m [32m"lucide-react"[39m[33m;[39m[0m
Next.js build worker exited with code: 1 and signal: null

======================================================================
 ROLLBACK — RESTORING PREVIOUS SOURCE
======================================================================
✓ src restored
✓ public restored
✓ package.json restored

✓ Previous working source restored.
