
======================================================================
 SAIFRVW — SENTINEL RECOVERY + BUILD STABILIZATION
 Surgical • Existing architecture preserved • Transactional
======================================================================

[1/11] Verifying project...
✓ Next.js project
✓ /review
✓ /api/analyze
✓ /api/ai

[2/11] Creating surgical backup...
✓ Backup: /workspaces/a/saifrvw/.saifrvw-recovery-20260810-183007

[3/11] Locking protected API fingerprints...
✓ /api/analyze: c3bbdea45eca165829a1b8525378bb76968a28e45dbfea38b3e397b5c9f7e6f5
✓ /api/ai:      1c3c3c69869312abd623f00879a44c2edf66b9b640ce722cecbc4f52e80bc2fa

[4/11] Detecting previous terminal-source corruption...
⚠ Literal escaped newline sequence detected.
✓ Repairing only literal \n corruption...
✓ Literal newline corruption repaired

[5/11] Removing unused AlertTriangle import safely...
✓ AlertTriangle cleanup complete

[6/11] Inspecting AnalyzeResponse...
✓ AnalyzeResponse already declared

[7/11] Repairing findings memo safely...
✓ findings converted to stable useMemo

[8/11] Checking source for dangerous shell-corruption markers...
✓ No shell-error text detected inside /review

[9/11] Verifying protected APIs are byte-for-byte unchanged...
✓ /api/analyze unchanged
✓ /api/ai unchanged

[10/11] Clearing Next.js artifacts...
✓ .next removed

[11/11] Running production validation...


> saifrvw@0.1.0 build
> next build

Attention: Next.js now collects completely anonymous telemetry regarding usage.
This information is used to shape Next.js' roadmap and prioritize features.
You can learn more, including how to opt-out if you'd not like to participate in this anonymous program, by visiting the following URL:
https://nextjs.org/telemetry

  ▲ Next.js 14.2.35
  - Environments: .env.local

   Creating an optimized production build ...
Failed to compile.

./src/app/review/page.tsx
Error: 
  [31mx[0m Unterminated string constant
     ,-[[36;1;4m/workspaces/a/saifrvw/src/app/review/page.tsx[0m:266:1]
 [2m266[0m |       `Evidence: ${selectedFinding.evidence}`,
 [2m267[0m |       "",
 [2m268[0m |       `Remediation: ${selectedFinding.remediation}`,
 [2m269[0m |     ].join("
     : [31;1m           ^[0m
 [2m270[0m | ");
 [2m271[0m | 
 [2m272[0m |     await navigator.clipboard.writeText(text);
     `----

  [31mx[0m Unterminated string constant
     ,-[[36;1;4m/workspaces/a/saifrvw/src/app/review/page.tsx[0m:267:1]
 [2m267[0m |       "",
 [2m268[0m |       `Remediation: ${selectedFinding.remediation}`,
 [2m269[0m |     ].join("
 [2m270[0m | ");
     : [31;1m^^^[0m
 [2m271[0m | 
 [2m272[0m |     await navigator.clipboard.writeText(text);
     `----

  [31mx[0m Expected ',', got 'string literal ();, ");
  [31m|[0m )'
     ,-[[36;1;4m/workspaces/a/saifrvw/src/app/review/page.tsx[0m:267:1]
 [2m267[0m |       "",
 [2m268[0m |       `Remediation: ${selectedFinding.remediation}`,
 [2m269[0m |     ].join("
 [2m270[0m | ");
     : [31;1m^^^[0m
 [2m271[0m | 
 [2m272[0m |     await navigator.clipboard.writeText(text);
     `----

Caused by:
    Syntax Error

Import trace for requested module:
./src/app/review/page.tsx


> Build failed because of webpack errors

❌ Production build failed

======================================================================
 ROLLBACK — RESTORING PRE-REPAIR SOURCE
======================================================================
✓ /review restored
✓ .next removed
✓ Existing source preserved
Backup: /workspaces/a/saifrvw/.saifrvw-recovery-20260810-183007
