
======================================================================
 SAIFRVW — SENTINEL REVIEW V2
 Surgical existing-code-aware /review upgrade
======================================================================

[1/12] Verifying current project...
✓ Next.js App Router
✓ Current /review found
✓ /api/analyze found
✓ /api/ai found

[2/12] Reading existing /review architecture...
✓ Existing review page captured
✓ Existing API sources captured

--- Existing Review Response Types ---
28:type Finding = {
54:type Analysis = {
64:type AnalyzeResponse = {

--- Existing API Fetch Calls ---
175:      const response = await fetch("/api/analyze", {
207:      const response = await fetch("/api/ai", {

[3/12] Fingerprinting protected APIs...
✓ /api/analyze: c3bbdea45eca165829a1b8525378bb76968a28e45dbfea38b3e397b5c9f7e6f5
✓ /api/ai:      1c3c3c69869312abd623f00879a44c2edf66b9b640ce722cecbc4f52e80bc2fa

[4/12] Validating existing response contract...
✓ findings
✓ riskScore
✓ securityGrade
✓ severity counts

[5/12] Installing surgical Review V2...
✓ New Review V2 source generated

[6/12] Static safety checks...

❌ Generated Review V2 contains forbidden 'any'.

Log: /workspaces/a/saifrvw/.saifrvw-review-v2-20260810-173303.log
