
======================================================================
 SAIFRVW — REVIEW FINAL STABILITY REPAIR
 Surgical • Existing-code aware • Automatic rollback
======================================================================

[1/8] Inspecting current /review...
✓ Review page found

[2/8] Removing only the unused AlertTriangle import...
✓ Unused AlertTriangle import removed

[3/8] Locating the real findings declaration...
✓ Found findings declaration
  line: 127
  expression: result?.findings ?? []

[4/8] Stabilizing findings without changing its data...
✓ findings converted to a stable useMemo value

[5/8] Verifying React import...
✓ useMemo available

[6/8] Checking for accidental source corruption...
✓ No terminal-corruption markers

[7/8] Protecting security APIs...
✓ /api/analyze: c3bbdea45eca165829a1b8525378bb76968a28e45dbfea38b3e397b5c9f7e6f5
✓ /api/ai:      1c3c3c69869312abd623f00879a44c2edf66b9b640ce722cecbc4f52e80bc2fa

[8/8] Running clean production build...

> saifrvw@0.1.0 build
> next build

Attention: Next.js now collects completely anonymous telemetry regarding usage.
This information is used to shape Next.js' roadmap and prioritize features.
You can learn more, including how to opt-out if you'd not like to participate in this anonymous program, by visiting the following URL:
https://nextjs.org/telemetry

  ▲ Next.js 14.2.35
  - Environments: .env.local

   Creating an optimized production build ...
Failed to compile.

./src/app/review/page.tsx
Error: 
  [31mx[0m Expected unicode escape
     ,-[[36;1;4m/workspaces/a/saifrvw/src/app/review/page.tsx[0m:124:1]
 [2m124[0m |   const [copied, setCopied] = useState(false);
 [2m125[0m |   const codeRef = useRef<HTMLTextAreaElement>(null);
 [2m126[0m | 
 [2m127[0m |   const findings = useMemo(\n    () => result?.findings ?? [],\n    [result]\n  );
     : [31;1m                           ^[0m
 [2m128[0m | 
 [2m129[0m |   const filteredFindings = useMemo(
 [2m130[0m |     () =>
     `----

Caused by:
    Syntax Error

Import trace for requested module:
./src/app/review/page.tsx


> Build failed because of webpack errors

❌ BUILD FAILED — RESTORING /review
✓ /review restored
Backup: /workspaces/a/saifrvw/.saifrvw-review-final-backup-20260810-182853
Log: /workspaces/a/saifrvw/.saifrvw-review-final-20260810-182853.log
